// Jest Snapshot v1, https://goo.gl/fbAQLP

exports[`<Content/> render methods snapshot 1`] = `
<p
  className="content"
>
  I am learning to test React components
</p>
`;
